
> temp_app@0.1.0 build
> next build

node.exe : ΓÜá Warning: Next.js inferred your workspace 
root, but it may not be correct.
At C:\Users\bromu\AppData\Roaming\npm\npm.ps1:24 char:5
+     & "node$exe"  
"$basedir/node_modules/npm/bin/npm-cli.js" $args
+     ~~~~~~~~~~~~~~~~~~~~~~~~~~~~~~~~~~~~~~~~~~~~~~~~~~~~~
~~~~~~~~~
    + CategoryInfo          : NotSpecified: (ΓÜá Warning:  
   Ne...not be correct.:String) [], RemoteException
    + FullyQualifiedErrorId : NativeCommandError
 
 We detected multiple lockfiles and selected the directory 
of C:\Users\bromu\package-lock.json as the root directory.
 To silence this warning, set `turbopack.root` in your 
Next.js config, or consider removing one of the lockfiles 
if it's not needed.
   See https://nextjs.org/docs/app/api-reference/config/nex
t-config-js/turbopack#root-directory for more information.
 Detected additional lockfiles: 
   * C:\Users\bromu\OneDrive\Desktop\One Rupee 
Game\package-lock.json

Γû▓ Next.js 16.1.1 (Turbopack)
- Environments: .env

ΓÜá The "middleware" file convention is deprecated. Please 
use "proxy" instead. Learn more: 
https://nextjs.org/docs/messages/middleware-to-proxy
  Creating an optimized production build ...
Γ£ô Compiled successfully in 8.0s
  Running TypeScript ...
Failed to compile.

./components/AnimatedBackground.tsx:30:42
Type error: 'canvas' is possibly 'null'.

[0m [90m 28 |[39m
 [90m 29 |[39m             constructor() {
[31m[1m>[22m[39m[90m 30 |[39m                 
[36mthis[39m[33m.[39mx [33m=[39m 
[33mMath[39m[33m.[39mrandom() [33m*[39m 
canvas[33m.[39mwidth[33m;[39m
 [90m    |[39m                                          
[31m[1m^[22m[39m
 [90m 31 |[39m                 
[36mthis[39m[33m.[39my [33m=[39m 
[33mMath[39m[33m.[39mrandom() [33m*[39m 
canvas[33m.[39mheight[33m;[39m
 [90m 32 |[39m                 
[36mthis[39m[33m.[39msize [33m=[39m 
[33mMath[39m[33m.[39mrandom() [33m*[39m [35m3[39m 
[33m+[39m [35m1[39m[33m;[39m
 [90m 33 |[39m                 
[36mthis[39m[33m.[39mspeedX [33m=[39m 
[33mMath[39m[33m.[39mrandom() [33m*[39m [35m1[39m 
[33m-[39m [35m0.5[39m[33m;[39m[0m
Next.js build worker exited with code: 1 and signal: null
